// Jest Snapshot v1, https://goo.gl/fbAQLP

exports[`Renderizando ExpenseLisItem 1`] = `
<div>
  <Link
    replace={false}
    to="/edit/0"
  >
    <h3>
      Cleyton
    </h3>
  </Link>
  <p>
    R$  1,95
    -
    4th January, 1970
  </p>
</div>
`;
