// Jest Snapshot v1, https://goo.gl/fbAQLP

exports[`Renderizando pagina de login 1`] = `
<div>
  <button>
    Login
  </button>
</div>
`;
